// Jest Snapshot v1, https://goo.gl/fbAQLP

exports[`should match snapshot upon render 1`] = `
<View
  style={
    Object {
      "alignItems": "center",
      "backgroundColor": "#3383bb",
      "height": "100%",
    }
  }
>
  <View>
    <Text
      style={
        Object {
          "color": "#f3f3f3",
          "fontSize": 30,
          "width": 200,
        }
      }
    >
      Enter account info here:
    </Text>
    <Text
      style={
        Object {
          "color": "#f3f3f3",
          "marginBottom": 5,
          "marginTop": 10,
        }
      }
    >
      User Name
    </Text>
    <TextInput
      allowFontScaling={true}
      name="user-name"
      onChangeText={[Function]}
      style={
        Object {
          "borderColor": "grey",
          "borderWidth": 1,
          "height": 40,
          "width": 200,
        }
      }
      underlineColorAndroid="transparent"
      value=""
    />
    <Text
      style={
        Object {
          "color": "#f3f3f3",
          "marginBottom": 5,
          "marginTop": 10,
        }
      }
    >
      Email
    </Text>
    <TextInput
      allowFontScaling={true}
      name="email"
      onChangeText={[Function]}
      style={
        Object {
          "borderColor": "grey",
          "borderWidth": 1,
          "height": 40,
          "width": 200,
        }
      }
      underlineColorAndroid="transparent"
      value=""
    />
    <Text
      style={
        Object {
          "color": "#f3f3f3",
          "marginBottom": 5,
          "marginTop": 10,
        }
      }
    >
      Password
    </Text>
    <TextInput
      allowFontScaling={true}
      name="password"
      onChangeText={[Function]}
      style={
        Object {
          "borderColor": "grey",
          "borderWidth": 1,
          "height": 40,
          "width": 200,
        }
      }
      underlineColorAndroid="transparent"
      value=""
    />
    <View
      style={
        Object {
          "borderColor": "grey",
          "borderRadius": 5,
          "borderWidth": 1,
          "height": 40,
          "justifyContent": "center",
          "marginTop": 10,
          "shadowColor": "#f3f3f3",
          "shadowOffset": Object {
            "height": 2,
            "width": 0,
          },
          "shadowOpacity": 0.8,
          "shadowRadius": 2,
          "width": 200,
        }
      }
    >
      <View
        accessibilityComponentType="button"
        accessibilityTraits={
          Array [
            "button",
          ]
        }
        accessible={true}
        isTVSelectable={true}
        onResponderGrant={[Function]}
        onResponderMove={[Function]}
        onResponderRelease={[Function]}
        onResponderTerminate={[Function]}
        onResponderTerminationRequest={[Function]}
        onStartShouldSetResponder={[Function]}
        style={
          Object {
            "opacity": 1,
          }
        }
      >
        <View
          style={
            Array [
              Object {},
            ]
          }
        >
          <Text
            style={
              Array [
                Object {
                  "color": "#007AFF",
                  "fontSize": 18,
                  "padding": 8,
                  "textAlign": "center",
                },
                Object {
                  "color": "#f3f3f3",
                },
              ]
            }
          >
            sign up
          </Text>
        </View>
      </View>
    </View>
  </View>
</View>
`;
